(---------------------------------------------------------------------)
(                                                                     )
(    Allegro Netrev Import Logic                                      )
(                                                                     )
(    Drawing          : cockpit_transmissionshifterunit.brd           )
(    Software Version : 22.1S008                                      )
(    Date/Time        : Tue Mar 24 17:33:18 2026                      )
(                                                                     )
(---------------------------------------------------------------------)


------ Directives ------------

Ripup etch:                  No
Ripup delete first segment:  No
Ripup retain bondwire:       No
Ripup symbols:               Always
Missing symbol has error:    No
DRC update:                  Yes
Schematic directory:         'd:\263312\cockpit.pcb\allegro'
Design Directory:            'd:/263312/cockpit.pcb/allegro'
Old design name:             'd:/263312/cockpit.pcb/allegro/cockpit_transmissionshifterunit.brd'
New design name:             'd:/263312/cockpit.pcb/allegro/cockpit_transmissionshifterunit.brd'

CmdLine: netrev -y 1 -i d:\263312\cockpit.pcb\allegro -q netrev_constraint_report.xml d:/263312/cockpit.pcb/allegro/#Taaaaaf15324.tmp

------ Preparing to read pst files ------

Starting to read d:/263312/cockpit.pcb/allegro/pstchip.dat 
   Finished reading d:/263312/cockpit.pcb/allegro/pstchip.dat (00:00:00.01)
Starting to read d:/263312/cockpit.pcb/allegro/pstxprt.dat 
   Finished reading d:/263312/cockpit.pcb/allegro/pstxprt.dat (00:00:00.00)
Starting to read d:/263312/cockpit.pcb/allegro/pstxnet.dat 
   Finished reading d:/263312/cockpit.pcb/allegro/pstxnet.dat (00:00:00.00)

------ Oversights/Warnings/Errors ------


------ Library Paths ------
MODULEPATH =  . 
           C:/Cadence/SPB_22.1/share/local/pcb/modules 

PSMPATH =  . 
           symbols 
           .. 
           ../symbols 
           C:/Cadence/SPB_22.1/share/local/pcb/symbols 
           C:/Cadence/SPB_22.1/share/pcb/pcb_lib/symbols 
           C:/Cadence/SPB_22.1/share/pcb/allegrolib/symbols 
           D:/263312/Cockpit.PCB/simbol 

PADPATH =  . 
           symbols 
           .. 
           ../symbols 
           C:/Cadence/SPB_22.1/share/local/pcb/padstacks 
           C:/Cadence/SPB_22.1/share/pcb/pcb_lib/symbols 
           C:/Cadence/SPB_22.1/share/pcb/allegrolib/symbols 
           D:/263312/Cockpit.PCB/pad 


------ Summary Statistics ------


netrev run on Mar 24 17:33:18 2026
   DESIGN NAME : 'COCKPIT_TRANSMISSIONSHIFTERUNIT'
   PACKAGING ON Jan 15 2024 02:20:20

   COMPILE 'logic'
   CHECK_PIN_NAMES OFF
   CROSS_REFERENCE OFF
   FEEDBACK OFF
   INCREMENTAL OFF
   INTERFACE_TYPE PHYSICAL
   MAX_ERRORS 500
   MERGE_MINIMUM 5
   NET_NAME_CHARS '#%&()*+-./:=>?@[]^_`|'
   NET_NAME_LENGTH 24
   OVERSIGHTS ON
   REPLACE_CHECK OFF
   SINGLE_NODE_NETS ON
   SPLIT_MINIMUM 0
   SUPPRESS   20
   WARNINGS ON

 No error detected
 No oversight detected
 No warning detected

cpu time      0:00:21
elapsed time  0:00:00

