(---------------------------------------------------------------------)
(                                                                     )
(    ARTWORK LOG                                                      )
(                                                                     )
(    Drawing          : cockpit_transmissionshifterunit.brd           )
(    Software Version : 22.1S008                                      )
(    Date/Time        : Tue Mar 31 19:59:57 2026                      )
(                                                                     )
(---------------------------------------------------------------------)


 ---- Photoplot outline rectangle not found; using drawing extents.



Results from parameter file ...
    DEVICE-TYPE           GERBER_RS274X
    OUTPUT-UNITS          MM
    FILM-SIZE             2400000 1600000
    FORMAT                3.5
    ABORT-ON-ERROR        NO
    SCALE                 1
    SUPPRESS-LEAD-ZEROES  YES
    SUPPRESS-TRAIL-ZEROES NO
    SUPPRESS-EQUAL        YES
    UNDEF-APT-CONT        NO



================================================================
     PROCESSING FILM < TOP >
     TO FILE < D:/263312/Cockpit.PCB/allegro/ARTWORK/TOP.art > ...
================================================================

  FILM PARAMETERS :
  ---------------------------------------------------------
  Undefined line width                0.2000
  Mirror code                         NONE
  Rotate angle                        NONE
  Offset x:                           0.0000
  Offset y:                           0.0000
  Plot negative                       NO
  Suppress unconnected internal pads  NO
  Draw holes only                     NO



  APERTURES USED:
  ---------------------------------------------------------
  TYPE       SIZE/NAME                   ROT   MIRROR MODE 
  ---------------------------------------------------------
  CIRCLE     0.20000                                  DARK 
  CIRCLE     0.30000                                  DARK 
  CIRCLE     0.50000                                  DARK 
  CIRCLE     0.60960                                  DARK 
  CIRCLE     1.52400                                  DARK 
  RECTANGLE  0.89990     x 1.40000       0.000 NO     DARK 
  RECTANGLE  0.89990     x 1.40000      90.000 NO     DARK 
  RECTANGLE  1.22000     x 0.65000       0.000 NO     DARK 
  RECTANGLE  1.27000     x 0.63500      90.000 NO     DARK 
  RECTANGLE  1.50000     x 0.25000       0.000 NO     DARK 
  RECTANGLE  1.50000     x 0.25000      90.000 NO     DARK 

     TOP created.


================================================================
     PROCESSING FILM < BOTTOM >
     TO FILE < D:/263312/Cockpit.PCB/allegro/ARTWORK/BOTTOM.art > ...
================================================================

  FILM PARAMETERS :
  ---------------------------------------------------------
  Undefined line width                0.2000
  Mirror code                         NONE
  Rotate angle                        NONE
  Offset x:                           0.0000
  Offset y:                           0.0000
  Plot negative                       NO
  Suppress unconnected internal pads  NO
  Draw holes only                     NO



  APERTURES USED:
  ---------------------------------------------------------
  TYPE       SIZE/NAME                   ROT   MIRROR MODE 
  ---------------------------------------------------------
  CIRCLE     0.20000                                  DARK 
  CIRCLE     0.30000                                  DARK 
  CIRCLE     0.60960                                  DARK 
  CIRCLE     1.52400                                  DARK 

     BOTTOM created.


================================================================
     PROCESSING FILM < Soldermask_TOP >
     TO FILE < D:/263312/Cockpit.PCB/allegro/ARTWORK/Soldermask_TOP.art > ...
================================================================

  FILM PARAMETERS :
  ---------------------------------------------------------
  Undefined line width                0.2000
  Mirror code                         NONE
  Rotate angle                        NONE
  Offset x:                           0.0000
  Offset y:                           0.0000
  Plot negative                       NO
  Suppress unconnected internal pads  NO
  Draw holes only                     NO



  APERTURES USED:
  ---------------------------------------------------------
  TYPE       SIZE/NAME                   ROT   MIRROR MODE 
  ---------------------------------------------------------
  CIRCLE     1.11760                                  DARK 
  CIRCLE     1.90500                                  DARK 
  RECTANGLE  0.89990     x 1.40000       0.000 NO     DARK 
  RECTANGLE  0.89990     x 1.40000      90.000 NO     DARK 
  RECTANGLE  1.39700     x 0.76200      90.000 NO     DARK 
  RECTANGLE  1.42000     x 0.85000       0.000 NO     DARK 
  RECTANGLE  1.60000     x 0.35000       0.000 NO     DARK 
  RECTANGLE  1.60000     x 0.35000      90.000 NO     DARK 

     Soldermask_TOP created.


================================================================
     PROCESSING FILM < Soldermask_BOTTOM >
     TO FILE < D:/263312/Cockpit.PCB/allegro/ARTWORK/Soldermask_BOTTOM.art > ...
================================================================

  FILM PARAMETERS :
  ---------------------------------------------------------
  Undefined line width                0.2000
  Mirror code                         NONE
  Rotate angle                        NONE
  Offset x:                           0.0000
  Offset y:                           0.0000
  Plot negative                       NO
  Suppress unconnected internal pads  NO
  Draw holes only                     NO



  APERTURES USED:
  ---------------------------------------------------------
  TYPE       SIZE/NAME                   ROT   MIRROR MODE 
  ---------------------------------------------------------
  CIRCLE     1.11760                                  DARK 
  CIRCLE     1.90500                                  DARK 

     Soldermask_BOTTOM created.


================================================================
     PROCESSING FILM < Silkscreen_TOP >
     TO FILE < D:/263312/Cockpit.PCB/allegro/ARTWORK/Silkscreen_TOP.art > ...
================================================================

  FILM PARAMETERS :
  ---------------------------------------------------------
  Undefined line width                0.2000
  Mirror code                         NONE
  Rotate angle                        NONE
  Offset x:                           0.0000
  Offset y:                           0.0000
  Plot negative                       NO
  Suppress unconnected internal pads  NO
  Draw holes only                     NO

    WARNING: text composed 0 width line found at (4.5000 10.7500)
           ... using undefined line width of 0.2000

    WARNING: text having Multiple 0 width lines; all will be treated the same as the first.
           ... using undefined line width of 0.2000

    WARNING: 0 width line found at (22.5000 10.2500)
           ... using undefined line width of 0.2000

    WARNING: Multiple 0 width lines; all will be treated the same as the first.
           ... using undefined line width of 0.2000



  APERTURES USED:
  ---------------------------------------------------------
  TYPE       SIZE/NAME                   ROT   MIRROR MODE 
  ---------------------------------------------------------
  CIRCLE     0.12700                                  DARK 
  CIRCLE     0.20000                                  DARK 

     Silkscreen_TOP created with warnings


================================================================
     PROCESSING FILM < DRILL >
     TO FILE < D:/263312/Cockpit.PCB/allegro/ARTWORK/DRILL.art > ...
================================================================

  FILM PARAMETERS :
  ---------------------------------------------------------
  Undefined line width                0.2000
  Mirror code                         NONE
  Rotate angle                        NONE
  Offset x:                           0.0000
  Offset y:                           0.0000
  Plot negative                       NO
  Suppress unconnected internal pads  NO
  Draw holes only                     NO



  APERTURES USED:  NONE
     DRILL created.


================================================================
     PROCESSING FILM < Outline >
     TO FILE < D:/263312/Cockpit.PCB/allegro/ARTWORK/Outline.art > ...
================================================================

  FILM PARAMETERS :
  ---------------------------------------------------------
  Undefined line width                0.2000
  Mirror code                         NONE
  Rotate angle                        NONE
  Offset x:                           0.0000
  Offset y:                           0.0000
  Plot negative                       NO
  Suppress unconnected internal pads  NO
  Draw holes only                     NO



  APERTURES USED:
  ---------------------------------------------------------
  TYPE       SIZE/NAME                   ROT   MIRROR MODE 
  ---------------------------------------------------------
  CIRCLE     0.20000                                  DARK 

     Outline created.


------------------------------------------------------
 SUMMARY:
        TOP created.
        BOTTOM created.
        Soldermask_TOP created.
        Soldermask_BOTTOM created.
        Silkscreen_TOP created with warnings
        DRILL created.
        Outline created.

 ARTWORK had warnings
